Application     C:\Users\LIZAMAECRIS\Desktop\CBMS\HPQ.ent
Type            ENTRY
Input Data      <<Empty>> 
<File>          forApp=

Date            Apr 21, 2022
Start Time      08:59:23
End Time        08:59:29


System messages:

  Number        Freq         Message Text                                                                               
  ------        ----         ------------                                                                               
   88889           1         WARNING: Out of range! Please enter a valid value for %s%s                                 
   99990           1         Operator entered a value out of range                                                      


CSPro Executor Normal End
------------------------------------------------------------------------------------------------------------------------
Application     C:\Users\LIZAMAECRIS\Desktop\CBMS\HPQ.ent
Type            ENTRY
Input Data      <<Empty>> 
<File>          forApp=

Date            Apr 21, 2022
Start Time      09:00:26
End Time        09:22:29


System messages:

  Number        Freq         Message Text                                                                               
  ------        ----         ------------                                                                               
   88889          23         WARNING: Out of range! Please enter a valid value for %s%s                                 
   99990          23         Operator entered a value out of range                                                      

User unnumbered messages:

    Line        Freq    %    Message Text                                                                          Denom
    ----        ----  -----  ------------                                                                          -----
    5458           1      -  Activities that can remember must not be blank                                            -
    5484           1      -  Help provide must not be blank                                                            -
    5933           1      -  Invalid year                                                                              -
    6699           1      -  Must have entry!                                                                          -
    7617           1      -  Must have entry!                                                                          -
    7629           1      -  Must have entry!                                                                          -
   11427           1      -  The respondent must consent before you can continue.                                      -
   11483           1      -  Invalid email format.                                                                     -
   11722           1      -  CSEntry will exit                                                                         -


CSPro Executor Normal End
------------------------------------------------------------------------------------------------------------------------
Application     C:\Users\LIZAMAECRIS\Desktop\CBMS\HPQ.ent
Type            ENTRY
Input Data      <<Empty>> 
<File>          forApp=

Date            Apr 21, 2022
Start Time      09:23:57
End Time        09:24:15


System messages:

  Number        Freq         Message Text                                                                               
  ------        ----         ------------                                                                               
   88889           1         WARNING: Out of range! Please enter a valid value for %s%s                                 
   99990           1         Operator entered a value out of range                                                      


CSPro Executor Normal End
------------------------------------------------------------------------------------------------------------------------
Application     D:\Desktop\Roll-out 2022\DE Working Liza (Pre-Test) 4-20\HPQ.ent
Type            ENTRY
Input Data      <<Empty>> 

Date            Apr 25, 2022
Start Time      16:55:49
End Time        16:57:11


System messages:

  Number        Freq         Message Text                                                                               
  ------        ----         ------------                                                                               
   88889           2         WARNING: Out of range! Please enter a valid value for %s%s                                 
   99990           2         Operator entered a value out of range                                                      

User unnumbered messages:

    Line        Freq    %    Message Text                                                                          Denom
    ----        ----  -----  ------------                                                                          -----
    4697           1      -  Name only accepts alphanumeric characters.                                                -
    4716           2      -  Name only accepts alphanumeric characters.                                                -


A compilation error file (HPQ.ent.err) has been created for your application.


CSPro Executor Normal End
------------------------------------------------------------------------------------------------------------------------
Application     D:\Desktop\Roll-out 2022\DE Working Liza (Pre-Test) 4-20\HPQ.ent
Type            ENTRY
Input Data      <<Empty>> 

Date            Apr 25, 2022
Start Time      16:58:16
End Time        16:58:50


System messages:

  Number        Freq         Message Text                                                                               
  ------        ----         ------------                                                                               
   88889           2         WARNING: Out of range! Please enter a valid value for %s%s                                 
   99990           2         Operator entered a value out of range                                                      


A compilation error file (HPQ.ent.err) has been created for your application.


CSPro Executor Normal End
------------------------------------------------------------------------------------------------------------------------
Application     D:\Desktop\Roll-out 2022\DE Working Liza (Pre-Test) 4-20\HPQ.ent
Type            ENTRY
Input Data      <<Empty>> 

Date            Apr 25, 2022
Start Time      17:01:29
End Time        17:02:13


System messages:

  Number        Freq         Message Text                                                                               
  ------        ----         ------------                                                                               
   88889           1         WARNING: Out of range! Please enter a valid value for %s%s                                 
   99990           1         Operator entered a value out of range                                                      


A compilation error file (HPQ.ent.err) has been created for your application.


CSPro Executor Normal End
------------------------------------------------------------------------------------------------------------------------
Application     D:\Desktop\Roll-out 2022\DE Working Liza (Pre-Test) 4-20\HPQ.ent
Type            ENTRY
Input Data      <<Empty>> 

Date            Apr 26, 2022
Start Time      08:26:57
End Time        08:28:36


System messages:

  Number        Freq         Message Text                                                                               
  ------        ----         ------------                                                                               
   88889           2         WARNING: Out of range! Please enter a valid value for %s%s                                 
   99990           2         Operator entered a value out of range                                                      


A compilation error file (HPQ.ent.err) has been created for your application.


CSPro Executor Normal End
------------------------------------------------------------------------------------------------------------------------
Application     D:\Desktop\Roll-out 2022\DE Working Liza (Pre-Test) 4-20\HPQ.ent
Type            ENTRY
Input Data      <<Empty>> 

Date            Apr 26, 2022
Start Time      08:40:56
End Time        08:43:06


System messages:

  Number        Freq         Message Text                                                                               
  ------        ----         ------------                                                                               
   88889           1         WARNING: Out of range! Please enter a valid value for %s%s                                 
   99990           1         Operator entered a value out of range                                                      

User unnumbered messages:

    Line        Freq    %    Message Text                                                                          Denom
    ----        ----  -----  ------------                                                                          -----
    4781           1      -  More than 1 Family Head!                                                                  -


A compilation error file (HPQ.ent.err) has been created for your application.


CSPro Executor Normal End
------------------------------------------------------------------------------------------------------------------------
Application     D:\Desktop\Roll-out 2022\DE Working Liza (Pre-Test) 4-20\HPQ.ent
Type            ENTRY
Input Data      <<Empty>> 

Date            Apr 26, 2022
Start Time      08:46:50
End Time        08:49:00


System messages:

  Number        Freq         Message Text                                                                               
  ------        ----         ------------                                                                               
   88889           4         WARNING: Out of range! Please enter a valid value for %s%s                                 
   99990           4         Operator entered a value out of range                                                      

User unnumbered messages:

    Line        Freq    %    Message Text                                                                          Denom
    ----        ----  -----  ------------                                                                          -----
    4918           2      -  PhilSys Card Number only accepts alphanumeric characters.                                 -


A compilation error file (HPQ.ent.err) has been created for your application.


CSPro Executor Normal End
------------------------------------------------------------------------------------------------------------------------
Application     D:\Desktop\Roll-out 2022\DE Working Liza (Pre-Test) 4-20\HPQ.ent
Type            ENTRY
Input Data      <<Empty>> 

Date            Apr 26, 2022
Start Time      09:14:54
End Time        09:58:15


System messages:

  Number        Freq         Message Text                                                                               
  ------        ----         ------------                                                                               
   88889           2         WARNING: Out of range! Please enter a valid value for %s%s                                 
   99990           2         Operator entered a value out of range                                                      

User unnumbered messages:

    Line        Freq    %    Message Text                                                                          Denom
    ----        ----  -----  ------------                                                                          -----
    5340           1      -  Current grade is inconsistent with the age, please confirm.                               -
    5355           1      -  HGC must be greater                                                                       -


A compilation error file (HPQ.ent.err) has been created for your application.


CSPro Executor Normal End
------------------------------------------------------------------------------------------------------------------------
Application     D:\Desktop\Roll-out 2022\DE Working Liza (Pre-Test) 4-20\HPQ.ent
Type            ENTRY
Input Data      <<Empty>> 

Date            Apr 26, 2022
Start Time      12:45:22
End Time        12:46:35


System messages:

  Number        Freq         Message Text                                                                               
  ------        ----         ------------                                                                               
    1008           8         Invalid subscript: %s(%s) -- %p                                                            
   88889           1         WARNING: Out of range! Please enter a valid value for %s%s                                 
   99990           1         Operator entered a value out of range                                                      


A compilation error file (HPQ.ent.err) has been created for your application.


CSPro Executor Normal End
------------------------------------------------------------------------------------------------------------------------
Application     D:\Desktop\Roll-out 2022\DE Working Liza (Pre-Test) 4-20\HPQ.ent
Type            ENTRY
Input Data      <<Empty>> 

Date            Apr 26, 2022
Start Time      12:48:10
End Time        12:50:17


System messages:

  Number        Freq         Message Text                                                                               
  ------        ----         ------------                                                                               
   88889           1         WARNING: Out of range! Please enter a valid value for %s%s                                 
   99990           1         Operator entered a value out of range                                                      


A compilation error file (HPQ.ent.err) has been created for your application.


CSPro Executor Normal End
------------------------------------------------------------------------------------------------------------------------
Application     D:\Desktop\Roll-out 2022\DE Working Liza (Pre-Test) 4-20\HPQ.ent
Type            ENTRY
Input Data      <<Empty>> 

Date            Apr 26, 2022
Start Time      12:50:48
End Time        12:52:44


System messages:

  Number        Freq         Message Text                                                                               
  ------        ----         ------------                                                                               
    1008           8         Invalid subscript: %s(%s) -- %p                                                            
   88889           2         WARNING: Out of range! Please enter a valid value for %s%s                                 
   99990           2         Operator entered a value out of range                                                      


A compilation error file (HPQ.ent.err) has been created for your application.


CSPro Executor Normal End
------------------------------------------------------------------------------------------------------------------------
Application     D:\Desktop\Roll-out 2022\DE Working Liza (Pre-Test) 4-20\HPQ.ent
Type            ENTRY
Input Data      <<Empty>> 

Date            Apr 27, 2022
Start Time      11:07:24
End Time        11:07:28


System messages:

  Number        Freq         Message Text                                                                               
  ------        ----         ------------                                                                               
   88889           1         WARNING: Out of range! Please enter a valid value for %s%s                                 
   99990           1         Operator entered a value out of range                                                      


A compilation error file (HPQ.ent.err) has been created for your application.


CSPro Executor Normal End
------------------------------------------------------------------------------------------------------------------------
Application     D:\Desktop\Roll-out 2022\DE Working Liza (Pre-Test) 4-20\HPQ.ent
Type            ENTRY
Input Data      <<Empty>> 

Date            Apr 29, 2022
Start Time      14:32:29
End Time        14:32:56


System messages:

  Number        Freq         Message Text                                                                               
  ------        ----         ------------                                                                               
   88889           1         WARNING: Out of range! Please enter a valid value for %s%s                                 
   99990           1         Operator entered a value out of range                                                      


A compilation error file (HPQ.ent.err) has been created for your application.


CSPro Executor Normal End
------------------------------------------------------------------------------------------------------------------------
Application     D:\Desktop\Roll-out 2022\DE Working Liza (Pre-Test) 4-20\HPQ.ent
Type            ENTRY
Input Data      <<Empty>> 

Date            Apr 29, 2022
Start Time      14:33:39
End Time        14:33:54


System messages:

  Number        Freq         Message Text                                                                               
  ------        ----         ------------                                                                               
   88889           1         WARNING: Out of range! Please enter a valid value for %s%s                                 
   99990           1         Operator entered a value out of range                                                      


A compilation error file (HPQ.ent.err) has been created for your application.


CSPro Executor Normal End
------------------------------------------------------------------------------------------------------------------------
Application     D:\Desktop\Roll-out 2022\DE Working Liza (Pre-Test) 4-20\HPQ.ent
Type            ENTRY
Input Data      <<Empty>> 

Date            May 02, 2022
Start Time      09:37:41
End Time        09:38:25


System messages:

  Number        Freq         Message Text                                                                               
  ------        ----         ------------                                                                               
   88889           1         WARNING: Out of range! Please enter a valid value for %s%s                                 
   99990           1         Operator entered a value out of range                                                      


A compilation error file (HPQ.ent.err) has been created for your application.


CSPro Executor Normal End
------------------------------------------------------------------------------------------------------------------------
Application     D:\Desktop\Roll-out 2022\DE Working Liza (Pre-Test) 4-20\HPQ.ent
Type            ENTRY
Input Data      <<Empty>> 

Date            May 02, 2022
Start Time      10:21:49
End Time        10:29:32


System messages:

  Number        Freq         Message Text                                                                               
  ------        ----         ------------                                                                               
   88889           4         WARNING: Out of range! Please enter a valid value for %s%s                                 
   99990           4         Operator entered a value out of range                                                      


A compilation error file (HPQ.ent.err) has been created for your application.


CSPro Executor Normal End
------------------------------------------------------------------------------------------------------------------------
Application     D:\Desktop\Roll-out 2022\DE Working Liza (Pre-Test) 4-20\HPQ.ent
Type            ENTRY
Input Data      <<Empty>> 

Date            May 02, 2022
Start Time      10:31:34
End Time        10:50:23


System messages:

  Number        Freq         Message Text                                                                               
  ------        ----         ------------                                                                               
   88889           4         WARNING: Out of range! Please enter a valid value for %s%s                                 
   99990           4         Operator entered a value out of range                                                      

User unnumbered messages:

    Line        Freq    %    Message Text                                                                          Denom
    ----        ----  -----  ------------                                                                          -----
    5104           3      -  Date left the Philippines: Invalid entry!                                                 -
    5109           1      -  Date left the Philippines: Invalid entry!                                                 -


A compilation error file (HPQ.ent.err) has been created for your application.


CSPro Executor Normal End
------------------------------------------------------------------------------------------------------------------------
Application     D:\Desktop\Roll-out 2022\DE Working Liza (Pre-Test) 4-20\HPQ.ent
Type            ENTRY
Input Data      <<Empty>> 

Date            May 02, 2022
Start Time      10:51:09
End Time        11:13:17


System messages:

  Number        Freq         Message Text                                                                               
  ------        ----         ------------                                                                               
   88889           3         WARNING: Out of range! Please enter a valid value for %s%s                                 
   99990           3         Operator entered a value out of range                                                      


A compilation error file (HPQ.ent.err) has been created for your application.


CSPro Executor Normal End
------------------------------------------------------------------------------------------------------------------------
Application     D:\Desktop\Roll-out 2022\DE Working Liza (Pre-Test) 4-20\HPQ.ent
Type            ENTRY
Input Data      <<Empty>> 

Date            May 06, 2022
Start Time      13:45:54
End Time        13:51:37


System messages:

  Number        Freq         Message Text                                                                               
  ------        ----         ------------                                                                               
   88889           4         WARNING: Out of range! Please enter a valid value for %s%s                                 
   99990           4         Operator entered a value out of range                                                      

User unnumbered messages:

    Line        Freq    %    Message Text                                                                          Denom
    ----        ----  -----  ------------                                                                          -----
     785           1      -  Date left the Philippines: Invalid entry!                                                 -
     790           3      -  Date left the Philippines: Invalid entry!                                                 -


A compilation error file (HPQ.ent.err) has been created for your application.


CSPro Executor Normal End
------------------------------------------------------------------------------------------------------------------------
