Application     C:\Users\LIZAMAECRIS\Desktop\CBMS\HPQF2.ent
Type            ENTRY
Input Data      <<Empty>> 
<File>          forApp=

Date            Apr 21, 2022
Start Time      09:33:13
End Time        09:33:16


System messages:

  Number        Freq         Message Text                                                                               
  ------        ----         ------------                                                                               
   88889           1         WARNING: Out of range! Please enter a valid value for %s%s                                 
   99990           1         Operator entered a value out of range                                                      


CSPro Executor Normal End
------------------------------------------------------------------------------------------------------------------------
Application     C:\Users\LIZAMAECRIS\Desktop\CBMS\HPQF2.ent
Type            ENTRY
Input Data      <<Empty>> 
<File>          forApp=

Date            Apr 22, 2022
Start Time      10:12:23
End Time        10:12:30


System messages:

  Number        Freq         Message Text                                                                               
  ------        ----         ------------                                                                               
   88889           1         WARNING: Out of range! Please enter a valid value for %s%s                                 
   99990           1         Operator entered a value out of range                                                      


CSPro Executor Normal End
------------------------------------------------------------------------------------------------------------------------
Application     C:\Users\LIZAMAECRIS\Desktop\CBMS\HPQF2.ent
Type            ENTRY
Input Data      <<Empty>> 
<File>          forApp=

Date            Apr 22, 2022
Start Time      10:19:30
End Time        10:19:34


System messages:

  Number        Freq         Message Text                                                                               
  ------        ----         ------------                                                                               
   88889           1         WARNING: Out of range! Please enter a valid value for %s%s                                 
   99990           1         Operator entered a value out of range                                                      


CSPro Executor Normal End
------------------------------------------------------------------------------------------------------------------------
Application     C:\Users\LIZAMAECRIS\Desktop\CBMS\HPQF2.ent
Type            ENTRY
Input Data      <<Empty>> 
<File>          forApp=

Date            Apr 22, 2022
Start Time      10:23:22
End Time        10:23:26


System messages:

  Number        Freq         Message Text                                                                               
  ------        ----         ------------                                                                               
   88889           1         WARNING: Out of range! Please enter a valid value for %s%s                                 
   99990           1         Operator entered a value out of range                                                      


CSPro Executor Normal End
------------------------------------------------------------------------------------------------------------------------
Application     C:\Users\LIZAMAECRIS\Desktop\CBMS\HPQF2.ent
Type            ENTRY
Input Data      <<Empty>> 
<File>          forApp=

Date            Apr 22, 2022
Start Time      10:28:16
End Time        10:28:26


System messages:

  Number        Freq         Message Text                                                                               
  ------        ----         ------------                                                                               
   88889           1         WARNING: Out of range! Please enter a valid value for %s%s                                 
   99990           1         Operator entered a value out of range                                                      


CSPro Executor Normal End
------------------------------------------------------------------------------------------------------------------------
Application     C:\Users\LIZAMAECRIS\Desktop\CBMS\HPQF2.ent
Type            ENTRY
Input Data      <<Empty>> 

Date            Apr 22, 2022
Start Time      11:15:13
End Time        11:15:17


System messages:

  Number        Freq         Message Text                                                                               
  ------        ----         ------------                                                                               
   88889           1         WARNING: Out of range! Please enter a valid value for %s%s                                 
   99990           1         Operator entered a value out of range                                                      


A compilation error file (HPQF2.ent.err) has been created for your application.


CSPro Executor Normal End
------------------------------------------------------------------------------------------------------------------------
Application     C:\Users\LIZAMAECRIS\Desktop\CBMS\HPQF2.ent
Type            ENTRY
Input Data      <<Empty>> 

Date            Apr 22, 2022
Start Time      11:34:53
End Time        11:35:00


System messages:

  Number        Freq         Message Text                                                                               
  ------        ----         ------------                                                                               
   88889           1         WARNING: Out of range! Please enter a valid value for %s%s                                 
   99990           1         Operator entered a value out of range                                                      


A compilation error file (HPQF2.ent.err) has been created for your application.


CSPro Executor Normal End
------------------------------------------------------------------------------------------------------------------------
Application     C:\Users\LIZAMAECRIS\Desktop\CBMS\HPQF2.ent
Type            ENTRY
Input Data      <<Empty>> 

Date            Apr 22, 2022
Start Time      11:37:08
End Time        11:37:20


System messages:

  Number        Freq         Message Text                                                                               
  ------        ----         ------------                                                                               
   88889           1         WARNING: Out of range! Please enter a valid value for %s%s                                 
   99990           1         Operator entered a value out of range                                                      


A compilation error file (HPQF2.ent.err) has been created for your application.


CSPro Executor Normal End
------------------------------------------------------------------------------------------------------------------------
Application     C:\Users\LIZAMAECRIS\Desktop\CBMS\HPQF2.ent
Type            ENTRY
Input Data      <<Empty>> 

Date            Apr 22, 2022
Start Time      12:12:51
End Time        12:13:01


System messages:

  Number        Freq         Message Text                                                                               
  ------        ----         ------------                                                                               
   88889           1         WARNING: Out of range! Please enter a valid value for %s%s                                 
   99990           1         Operator entered a value out of range                                                      


A compilation error file (HPQF2.ent.err) has been created for your application.


CSPro Executor Normal End
------------------------------------------------------------------------------------------------------------------------
Application     C:\Users\LIZAMAECRIS\Desktop\CBMS\HPQF2.ent
Type            ENTRY
Input Data      <<Empty>> 

Date            Apr 22, 2022
Start Time      17:13:05
End Time        17:13:11


System messages:

  Number        Freq         Message Text                                                                               
  ------        ----         ------------                                                                               
   88889           1         WARNING: Out of range! Please enter a valid value for %s%s                                 
   99990           1         Operator entered a value out of range                                                      


A compilation error file (HPQF2.ent.err) has been created for your application.


CSPro Executor Normal End
------------------------------------------------------------------------------------------------------------------------
Application     C:\Users\user\Documents\GitHub\HPQ 05-19-22\HPQF2.ent
Type            ENTRY
Input Data      <<Empty>> 

Date            May 19, 2022
Start Time      15:27:25
End Time        15:27:40



A compilation error file (HPQF2.ent.err) has been created for your application.


CSPro Executor Normal End
------------------------------------------------------------------------------------------------------------------------
Application     C:\Users\user\Documents\GitHub\HPQ 05-19-22\HPQF2.ent
Type            ENTRY
Input Data      <<Empty>> 

Date            May 19, 2022
Start Time      15:28:08
End Time        15:29:15


System messages:

  Number        Freq         Message Text                                                                               
  ------        ----         ------------                                                                               
   88889           1         WARNING: Out of range! Please enter a valid value for %s%s                                 
   99990           1         Operator entered a value out of range                                                      

User unnumbered messages:

    Line        Freq    %    Message Text                                                                          Denom
    ----        ----  -----  ------------                                                                          -----
     367           1      -  Invalid year. Allowed year must be from 2022!                                             -


A compilation error file (HPQF2.ent.err) has been created for your application.


CSPro Executor Normal End
------------------------------------------------------------------------------------------------------------------------
