Application     /storage/emulated/0/Android/data/gov.census.cspro.csentry/files/csentry/CBMS/HPQF2.ent
Type            ENTRY
Input Data      <<Encrypted CSPro DB>> /storage/emulated/0/Android/data/gov.census.cspro.csentry/files/csentry/CBMS/Data/HPQ/H030808004005000000100020004.csdbe
<File>          forApp=

Date            Apr 21, 2022
Start Time      11:04:08
End Time        11:06:07


System messages:

  Number        Freq         Message Text                                                                               
  ------        ----         ------------                                                                               
   88889           1         WARNING: Out of range! Please enter a valid value for %s%s                                 
   99990           1         Operator entered a value out of range                                                      

User unnumbered messages:

    Line        Freq    %    Message Text                                                                          Denom
    ----        ----  -----  ------------                                                                          -----
    4716           1      -  Last name is required.                                                                    -
    4861           1      -  The household head must be 15 years old and above!                                        -
   11734           1      -  CSEntry will exit                                                                         -


CSPro Executor Normal End
------------------------------------------------------------------------------------------------------------------------
